02:45:41 **** Incremental Build of configuration Debug for project LED_FREERTOS_5 ****
make -j12 all 
arm-none-eabi-gcc "../Core/Src/main.c" -mcpu=cortex-m3 -std=gnu11 -g3 -DDEBUG -DUSE_HAL_DRIVER -DSTM32F103xB -c -I../Core/Inc -I../Drivers/STM32F1xx_HAL_Driver/Inc/Legacy -I../Drivers/STM32F1xx_HAL_Driver/Inc -I../Middlewares/Third_Party/FreeRTOS/Source/include -I../Middlewares/Third_Party/FreeRTOS/Source/portable/GCC/ARM_CM3 -I../Drivers/CMSIS/Device/ST/STM32F1xx/Include -I../Drivers/CMSIS/Include -I../Middlewares/Third_Party/FreeRTOS/Source/CMSIS_RTOS -O0 -ffunction-sections -fdata-sections -Wall -fstack-usage -MMD -MP -MF"Core/Src/main.d" -MT"Core/Src/main.o" --specs=nano.specs -mfloat-abi=soft -mthumb -o "Core/Src/main.o"
arm-none-eabi-gcc -o "LED_FREERTOS_5.elf" @"objects.list"   -mcpu=cortex-m3 -T"D:\Documentos\TD2\TD2\Proyectos_personales\LED_FREERTOS_5\STM32F103C8TX_FLASH.ld" --specs=nosys.specs -Wl,-Map="LED_FREERTOS_5.map" -Wl,--gc-sections -static --specs=nano.specs -mfloat-abi=soft -mthumb -Wl,--start-group -lc -lm -Wl,--end-group
Finished building target: LED_FREERTOS_5.elf
 
arm-none-eabi-size   LED_FREERTOS_5.elf 
arm-none-eabi-objdump -h -S  LED_FREERTOS_5.elf  > "LED_FREERTOS_5.list"
   text	   data	    bss	    dec	    hex	filename
  15600	     24	   5712	  21336	   5358	LED_FREERTOS_5.elf
Finished building: default.size.stdout
 
Finished building: LED_FREERTOS_5.list
 

02:45:43 Build Finished. 0 errors, 0 warnings. (took 2s.344ms)

