16:47:41 **** Incremental Build of configuration Debug for project LED_FREERTOS_BRUNO ****
make -j12 all 
arm-none-eabi-gcc "../Core/Src/main.c" -mcpu=cortex-m3 -std=gnu11 -g3 -DDEBUG -DUSE_HAL_DRIVER -DSTM32F103xB -c -I../Core/Inc -I../Drivers/STM32F1xx_HAL_Driver/Inc -I../Drivers/STM32F1xx_HAL_Driver/Inc/Legacy -I../Drivers/CMSIS/Device/ST/STM32F1xx/Include -I../Drivers/CMSIS/Include -I../Middlewares/Third_Party/FreeRTOS/Source/include -I../Middlewares/Third_Party/FreeRTOS/Source/portable/GCC/ARM_CM3 -I../Middlewares/Third_Party/FreeRTOS/Source/CMSIS_RTOS_V2 -O0 -ffunction-sections -fdata-sections -Wall -fstack-usage -MMD -MP -MF"Core/Src/main.d" -MT"Core/Src/main.o" --specs=nano.specs -mfloat-abi=soft -mthumb -o "Core/Src/main.o"
arm-none-eabi-gcc -o "LED_FREERTOS_BRUNO.elf" @"objects.list"   -mcpu=cortex-m3 -T"D:\Documentos\TD2\TD2\Proyectos_personales\LED_FREERTOS_BRUNO\STM32F103C8TX_FLASH.ld" --specs=nosys.specs -Wl,-Map="LED_FREERTOS_BRUNO.map" -Wl,--gc-sections -static --specs=nano.specs -mfloat-abi=soft -mthumb -Wl,--start-group -lc -lm -Wl,--end-group
Finished building target: LED_FREERTOS_BRUNO.elf
 
arm-none-eabi-size   LED_FREERTOS_BRUNO.elf 
arm-none-eabi-objdump -h -S  LED_FREERTOS_BRUNO.elf  > "LED_FREERTOS_BRUNO.list"
   text	   data	    bss	    dec	    hex	filename
  17372	     24	   8120	  25516	   63ac	LED_FREERTOS_BRUNO.elf
Finished building: default.size.stdout
 
Finished building: LED_FREERTOS_BRUNO.list
 

16:47:43 Build Finished. 0 errors, 0 warnings. (took 1s.922ms)

