******************************************************************************
                  TI ARM Linker PC v20.2.0                     
******************************************************************************
>> Linked Mon Apr 13 22:20:11 2020

OUTPUT FILE NAME:   <pruebaR.out>
ENTRY POINT SYMBOL: "_c_int00"  address: 0000685c


MEMORY CONFIGURATION

         name            origin    length      used     unused   attr    fill
----------------------  --------  ---------  --------  --------  ----  --------
  VECTORS               00000000   00000020  00000020  00000000     X
  FLASH0                00000020   0013ffe0  000072f0  00138cf0  R  X
  STACKS                08000000   00001500  00000000  00001500  RW  
  RAM                   08001500   0002eb00  00000008  0002eaf8  RW  


SEGMENT ALLOCATION MAP

run origin  load origin   length   init length attrs members
----------  ----------- ---------- ----------- ----- -------
00000000    00000000    00007310   00007310    r-x
  00000000    00000000    00000020   00000020    r-x .intvecs
  00000020    00000020    000070c0   000070c0    r-x .text
  000070e0    000070e0    00000200   00000200    r-- .const
  000072e0    000072e0    00000030   00000030    r-- .cinit
08001500    08001500    00000008   00000000    rw-
  08001500    08001500    00000004   00000000    rw- .bss
  08001504    08001504    00000004   00000000    rw- .data


SECTION ALLOCATION MAP

 output                                  attributes/
section   page    origin      length       input sections
--------  ----  ----------  ----------   ----------------
.intvecs   0    00000000    00000020     
                  00000000    00000020     sys_intvecs.obj (.intvecs)

.text      0    00000020    000070c0     
                  00000020    00002cdc     sys_selftest.obj (.text)
                  00002cfc    00000b64     system.obj (.text)
                  00003860    00000a54     sys_vim.obj (.text)
                  000042b4    000008b4     pinmux.obj (.text)
                  00004b68    00000664     errata_SSWF021_45.obj (.text)
                  000051cc    00000638     rti.obj (.text)
                  00005804    000005bc     esm.obj (.text)
                  00005dc0    00000484     gio.obj (.text)
                  00006244    0000034c     sys_core.obj (.text)
                  00006590    000002cc     sys_vim.obj (.text:retain)
                  0000685c    00000288     sys_startup.obj (.text:retain)
                  00006ae4    00000114     esm.obj (.text:retain)
                  00006bf8    000000e8     dabort.obj (.text)
                  00006ce0    000000e0     sys_pmu.obj (.text)
                  00006dc0    0000009c     rtsv7R4_T_le_v3D16_eabi.lib : memcpy_t2.asm.obj (.text)
                  00006e5c    00000090     notification.obj (.text)
                  00006eec    0000008c     sys_main.obj (.text)
                  00006f78    00000080     rti.obj (.text:retain)
                  00006ff8    0000006c     rtsv7R4_T_le_v3D16_eabi.lib : copy_decompress_lzss.c.obj (.text:decompress:lzss:__TI_decompress_lzss)
                  00007064    00000044                                 : autoinit.c.obj (.text:__TI_auto_init_nobinit_nopinit:__TI_auto_init_nobinit_nopinit)
                  000070a8    0000001c                                 : copy_zero_init.c.obj (.text:decompress:ZI:__TI_zero_init_nomemset:__TI_zero_init_nomemset)
                  000070c4    0000000e                                 : copy_decompress_none.c.obj (.text:decompress:none:__TI_decompress_none)
                  000070d2    00000004                                 : exit.c.obj (.text:abort:abort)
                  000070d6    00000002     --HOLE-- [fill = 0]
                  000070d8    00000004     sys_phantom.obj (.text:retain)
                  000070dc    00000004     sys_startup.obj (.text)

.const     0    000070e0    00000200     
                  000070e0    00000200     sys_vim.obj (.const:s_vim_init)

.cinit     0    000072e0    00000030     
                  000072e0    0000000c     (__TI_handler_table)
                  000072ec    00000004     --HOLE-- [fill = 0]
                  000072f0    00000008     (.cinit..bss.load) [load image, compression = zero_init]
                  000072f8    00000008     (.cinit..data.load) [load image, compression = lzss]
                  00007300    00000010     (__TI_cinit_table)

.bss       0    08001500    00000004     UNINITIALIZED
                  08001500    00000004     (.common:flag)

.data      0    08001504    00000004     UNINITIALIZED
                  08001504    00000004     rti.obj (.data)

__llvm_prf_cnts 
*          0    08001500    00000000     UNINITIALIZED

MODULE SUMMARY

       Module                       code    ro data   rw data
       ------                       ----    -------   -------
    .\source\
       sys_selftest.obj             11484   0         0      
       sys_vim.obj                  3360    512       0      
       system.obj                   2916    0         0      
       pinmux.obj                   2228    0         0      
       esm.obj                      1744    0         0      
       rti.obj                      1720    0         4      
       errata_SSWF021_45.obj        1636    0         0      
       gio.obj                      1156    0         0      
       sys_core.obj                 844     0         0      
       sys_startup.obj              652     0         0      
       dabort.obj                   232     0         0      
       sys_pmu.obj                  224     0         0      
       notification.obj             144     0         0      
       sys_main.obj                 140     0         4      
       sys_intvecs.obj              32      0         0      
       sys_phantom.obj              4       0         0      
    +--+----------------------------+-------+---------+---------+
       Total:                       28516   512       8      
                                                             
    C:/ti/ccs1000/ccs/tools/compiler/ti-cgt-arm_20.2.0.LTS/lib/rtsv7R4_T_le_v3D16_eabi.lib
       memcpy_t2.asm.obj            156     0         0      
       copy_decompress_lzss.c.obj   108     0         0      
       autoinit.c.obj               68      0         0      
       copy_zero_init.c.obj         28      0         0      
       copy_decompress_none.c.obj   14      0         0      
       exit.c.obj                   4       0         0      
    +--+----------------------------+-------+---------+---------+
       Total:                       378     0         0      
                                                             
       Linker Generated:            0       44        0      
    +--+----------------------------+-------+---------+---------+
       Grand Total:                 28894   556       8      


LINKER GENERATED COPY TABLES

__TI_cinit_table @ 00007300 records: 2, size/record: 8, table size: 16
	.bss: load addr=000072f0, load size=00000008 bytes, run addr=08001500, run size=00000004 bytes, compression=zero_init
	.data: load addr=000072f8, load size=00000008 bytes, run addr=08001504, run size=00000004 bytes, compression=lzss


LINKER GENERATED HANDLER TABLE

__TI_handler_table @ 000072e0 records: 3, size/record: 4, table size: 12
	index: 0, handler: __TI_zero_init
	index: 1, handler: __TI_decompress_lzss
	index: 2, handler: __TI_decompress_none


GLOBAL SYMBOLS: SORTED ALPHABETICALLY BY Name 

address   name                                
-------   ----                                
000070d3  C$$EXIT                             
00005538  IsdwdKeySequenceCorrect             
UNDEFED   SHT$$INIT_ARRAY$$Base               
UNDEFED   SHT$$INIT_ARRAY$$Limit              
00007300  __TI_CINIT_Base                     
00007310  __TI_CINIT_Limit                    
000072e0  __TI_Handler_Table_Base             
000072ec  __TI_Handler_Table_Limit            
00006588  __TI_PINIT_Base                     
0000658c  __TI_PINIT_Limit                    
00007065  __TI_auto_init_nobinit_nopinit      
00006ff9  __TI_decompress_lzss                
000070c5  __TI_decompress_none                
ffffffff  __TI_pprof_out_hndl                 
ffffffff  __TI_prof_data_size                 
ffffffff  __TI_prof_data_start                
00000000  __TI_static_base__                  
000070a9  __TI_zero_init_nomemset             
00006dc1  __aeabi_memcpy                      
00006dc1  __aeabi_memcpy4                     
00006dc1  __aeabi_memcpy8                     
ffffffff  __binit__                           
ffffffff  __c_args__                          
08001500  __start___llvm_prf_cnts             
08001500  __stop___llvm_prf_cnts              
0000685c  _c_int00                            
000064a0  _coreClearAuxiliaryDataFault_       
000064b4  _coreClearAuxiliaryInstructionFault_
00006478  _coreClearDataFaultAddress_         
00006450  _coreClearDataFault_                
0000648c  _coreClearInstructionFaultAddress_  
00006464  _coreClearInstructionFault_         
000063e4  _coreDisableEventBusExport_         
00006428  _coreDisableFlashEcc_               
00006404  _coreDisableRamEcc_                 
000063d4  _coreEnableEventBusExport_          
00006414  _coreEnableFlashEcc_                
00006438  _coreEnableIrqVicOffset_            
000063f4  _coreEnableRamEcc_                  
000063bc  _coreEnableVfp_                     
00006498  _coreGetAuxiliaryDataFault_         
000064ac  _coreGetAuxiliaryInstructionFault_  
00006470  _coreGetDataFaultAddress_           
00006448  _coreGetDataFault_                  
00006484  _coreGetInstructionFaultAddress_    
0000645c  _coreGetInstructionFault_           
00006244  _coreInitRegisters_                 
00006350  _coreInitStackPointer_              
00006bf8  _dabort                             
000064c8  _disable_FIQ_interrupt_             
000064d0  _disable_IRQ_interrupt_             
000064c0  _disable_interrupt_                 
000064d8  _enable_interrupt_                  
00006568  _errata_CORTEXR4_57_                
00006578  _errata_CORTEXR4_66_                
00004b68  _errata_SSWF021_45_both_plls        
00004d5c  _errata_SSWF021_45_pll1             
00004ed4  _errata_SSWF021_45_pll2             
000064e0  _esmCcmErrorsClear_                 
0000639c  _getCPSRValue_                      
000063a4  _gotoCPUIdle_                       
00006d3c  _pmuDisableCountersGlobal_          
00006d2c  _pmuEnableCountersGlobal_           
00006d98  _pmuGetCycleCount_                  
00006da0  _pmuGetEventCount_                  
00006dac  _pmuGetOverflow_                    
00006ce0  _pmuInit_                           
00006d6c  _pmuResetCounters_                  
00006d4c  _pmuResetCycleCounter_              
00006d5c  _pmuResetEventCounters_             
00006d8c  _pmuSetCountEvent_                  
00006d7c  _pmuStartCounters_                  
00006d84  _pmuStopCounters_                   
UNDEFED   _system_post_cinit                  
000070d3  abort                               
0000126c  adc1ParityCheck                     
00001358  adc2ParityCheck                     
ffffffff  binit                               
00001410  can1ParityCheck                     
000014e8  can2ParityCheck                     
000015b0  can3ParityCheck                     
00000030  ccmSelfCheck                        
000026fc  ccmr4GetConfigValue                 
00000938  checkB0RAMECC                       
00000b28  checkB1RAMECC                       
00001c18  checkClockMonitor                   
00000d18  checkFlashECC                       
00001cf4  checkFlashEEPROMECC                 
00001e8c  checkPLL1Slip                       
00001f8c  checkPLL2Slip                       
00002050  checkRAMAddrParity                  
000019d0  checkRAMECC                         
0000215c  checkRAMUERRTest                    
000007bc  checkefcSelfTest                    
00000234  cpuSelfTest                         
00000dfc  cpuSelfTestFail                     
00003784  customTrimLPO                       
00000df4  custom_dabort                       
00002b58  disableParity                       
00006ed8  dmaGroupANotification               
00000eac  dmaParityCheck                      
000055a0  dwdClearFlag                        
000054d4  dwdCounterEnable                    
0000551c  dwdGenerateSysReset                 
0000556c  dwdGetStatus                        
000055b0  dwdGetViolationStatus               
00005458  dwdInit                             
00005500  dwdReset                            
000054e4  dwdSetPreload                       
000054c8  dwwdGetCurrentDownCounter           
00005480  dwwdInit                            
00000660  efcCheck                            
00002660  efcGetConfigValue                   
00000794  efcSelfTest                         
000006e8  efcStuckZeroTest                    
00002ad0  enableParity                        
0000276c  errata_PBIST_4                      
00005988  esmActivateNormalOperation          
00005a5c  esmClearStatus                      
00005a9c  esmClearStatusBuffer                
00005950  esmDisableError                     
000059c0  esmDisableInterrupt                 
00005928  esmEnableError                      
00005998  esmEnableInterrupt                  
00005b94  esmEnterSelfTest                    
0000590c  esmError                            
00005c6c  esmGetConfigValue                   
00005ad8  esmGetStatus                        
00005b5c  esmGetStatusBuffer                  
00006e5c  esmGroup1Notification               
00006e6c  esmGroup2Notification               
00006ae4  esmHighInterrupt                    
00005804  esmInit                             
00005c1c  esmSelfTestStatus                   
00005ab8  esmSetCounterPreloadValue           
000059e8  esmSetInterruptLevel                
00005978  esmTriggerErrorPinReset             
08001500  flag                                
000022c4  fmcBus1ParityCheck                  
0000085c  fmcBus2Check                        
00000898  fmcECCcheck                         
00006020  gioDisableNotification              
00005fb8  gioEnableNotification               
00005f20  gioGetBit                           
00006088  gioGetConfigValue                   
00005f48  gioGetPort                          
00005dc0  gioInit                             
00006ec4  gioNotification                     
00005eb0  gioSetBit                           
00005e90  gioSetDirection                     
00005f00  gioSetPort                          
00005f60  gioToggleBit                        
000070dc  handlePLLLockFail                   
00000f58  het1ParityCheck                     
000010c0  het2ParityCheck                     
00001004  htu1ParityCheck                     
000011bc  htu2ParityCheck                     
00006eec  main                                
00002e64  mapClocks                           
00006dc1  memcpy                              
00000174  memoryInit                          
00006e7c  memoryPort0TestFailNotification     
00006e98  memoryPort1TestFailNotification     
00001684  mibspi1ParityCheck                  
0000178c  mibspi3ParityCheck                  
000018b0  mibspi5ParityCheck                  
000042b4  muxInit                             
000023ec  pbistFail                           
00002470  pbistGetConfigValue                 
000005a8  pbistIsTestCompleted                
000005d4  pbistIsTestPassed                   
00000608  pbistPortTestStatus                 
000004ac  pbistRun                            
000002cc  pbistSelfCheck                      
00000578  pbistStop                           
00002e10  periphInit                          
000070d8  phantomInterrupt                    
00004768  pinmuxGetConfigValue                
00000000  resetEntry                          
00006f78  rtiCompare0Interrupt                
00005660  rtiDisableNotification              
00005638  rtiEnableNotification               
0000567c  rtiGetConfigValue                   
000053cc  rtiGetCurrentTick                   
000053a4  rtiGetPeriod                        
000051cc  rtiInit                             
00006eb4  rtiNotification                     
00005318  rtiResetCounter                     
0000537c  rtiSetPeriod                        
000052c0  rtiStartCounter                     
000052ec  rtiStopCounter                      
00000020  selftestFailNotification            
00002dd0  setupFlash                          
00002cfc  setupPLL                            
00003648  sramGetConfigValue                  
000025bc  stcGetConfigValue                   
000001b8  stcSelfCheck                        
00000df8  stcSelfCheckFail                    
00003088  systemGetConfigValue                
00002f8c  systemInit                          
00003058  systemPowerDown                     
0000349c  tcmflashGetConfigValue              
00002d5c  trimLPO                             
00003934  vimChannelMap                       
00003ba0  vimDisableInterrupt                 
000039d8  vimEnableInterrupt                  
00003c4c  vimGetConfigValue                   
00003860  vimInit                             
00000e00  vimParityCheck                      
00006590  vimParityErrorHandler               


GLOBAL SYMBOLS: SORTED BY Symbol Address 

address   name                                
-------   ----                                
00000000  __TI_static_base__                  
00000000  resetEntry                          
00000020  selftestFailNotification            
00000030  ccmSelfCheck                        
00000174  memoryInit                          
000001b8  stcSelfCheck                        
00000234  cpuSelfTest                         
000002cc  pbistSelfCheck                      
000004ac  pbistRun                            
00000578  pbistStop                           
000005a8  pbistIsTestCompleted                
000005d4  pbistIsTestPassed                   
00000608  pbistPortTestStatus                 
00000660  efcCheck                            
000006e8  efcStuckZeroTest                    
00000794  efcSelfTest                         
000007bc  checkefcSelfTest                    
0000085c  fmcBus2Check                        
00000898  fmcECCcheck                         
00000938  checkB0RAMECC                       
00000b28  checkB1RAMECC                       
00000d18  checkFlashECC                       
00000df4  custom_dabort                       
00000df8  stcSelfCheckFail                    
00000dfc  cpuSelfTestFail                     
00000e00  vimParityCheck                      
00000eac  dmaParityCheck                      
00000f58  het1ParityCheck                     
00001004  htu1ParityCheck                     
000010c0  het2ParityCheck                     
000011bc  htu2ParityCheck                     
0000126c  adc1ParityCheck                     
00001358  adc2ParityCheck                     
00001410  can1ParityCheck                     
000014e8  can2ParityCheck                     
000015b0  can3ParityCheck                     
00001684  mibspi1ParityCheck                  
0000178c  mibspi3ParityCheck                  
000018b0  mibspi5ParityCheck                  
000019d0  checkRAMECC                         
00001c18  checkClockMonitor                   
00001cf4  checkFlashEEPROMECC                 
00001e8c  checkPLL1Slip                       
00001f8c  checkPLL2Slip                       
00002050  checkRAMAddrParity                  
0000215c  checkRAMUERRTest                    
000022c4  fmcBus1ParityCheck                  
000023ec  pbistFail                           
00002470  pbistGetConfigValue                 
000025bc  stcGetConfigValue                   
00002660  efcGetConfigValue                   
000026fc  ccmr4GetConfigValue                 
0000276c  errata_PBIST_4                      
00002ad0  enableParity                        
00002b58  disableParity                       
00002cfc  setupPLL                            
00002d5c  trimLPO                             
00002dd0  setupFlash                          
00002e10  periphInit                          
00002e64  mapClocks                           
00002f8c  systemInit                          
00003058  systemPowerDown                     
00003088  systemGetConfigValue                
0000349c  tcmflashGetConfigValue              
00003648  sramGetConfigValue                  
00003784  customTrimLPO                       
00003860  vimInit                             
00003934  vimChannelMap                       
000039d8  vimEnableInterrupt                  
00003ba0  vimDisableInterrupt                 
00003c4c  vimGetConfigValue                   
000042b4  muxInit                             
00004768  pinmuxGetConfigValue                
00004b68  _errata_SSWF021_45_both_plls        
00004d5c  _errata_SSWF021_45_pll1             
00004ed4  _errata_SSWF021_45_pll2             
000051cc  rtiInit                             
000052c0  rtiStartCounter                     
000052ec  rtiStopCounter                      
00005318  rtiResetCounter                     
0000537c  rtiSetPeriod                        
000053a4  rtiGetPeriod                        
000053cc  rtiGetCurrentTick                   
00005458  dwdInit                             
00005480  dwwdInit                            
000054c8  dwwdGetCurrentDownCounter           
000054d4  dwdCounterEnable                    
000054e4  dwdSetPreload                       
00005500  dwdReset                            
0000551c  dwdGenerateSysReset                 
00005538  IsdwdKeySequenceCorrect             
0000556c  dwdGetStatus                        
000055a0  dwdClearFlag                        
000055b0  dwdGetViolationStatus               
00005638  rtiEnableNotification               
00005660  rtiDisableNotification              
0000567c  rtiGetConfigValue                   
00005804  esmInit                             
0000590c  esmError                            
00005928  esmEnableError                      
00005950  esmDisableError                     
00005978  esmTriggerErrorPinReset             
00005988  esmActivateNormalOperation          
00005998  esmEnableInterrupt                  
000059c0  esmDisableInterrupt                 
000059e8  esmSetInterruptLevel                
00005a5c  esmClearStatus                      
00005a9c  esmClearStatusBuffer                
00005ab8  esmSetCounterPreloadValue           
00005ad8  esmGetStatus                        
00005b5c  esmGetStatusBuffer                  
00005b94  esmEnterSelfTest                    
00005c1c  esmSelfTestStatus                   
00005c6c  esmGetConfigValue                   
00005dc0  gioInit                             
00005e90  gioSetDirection                     
00005eb0  gioSetBit                           
00005f00  gioSetPort                          
00005f20  gioGetBit                           
00005f48  gioGetPort                          
00005f60  gioToggleBit                        
00005fb8  gioEnableNotification               
00006020  gioDisableNotification              
00006088  gioGetConfigValue                   
00006244  _coreInitRegisters_                 
00006350  _coreInitStackPointer_              
0000639c  _getCPSRValue_                      
000063a4  _gotoCPUIdle_                       
000063bc  _coreEnableVfp_                     
000063d4  _coreEnableEventBusExport_          
000063e4  _coreDisableEventBusExport_         
000063f4  _coreEnableRamEcc_                  
00006404  _coreDisableRamEcc_                 
00006414  _coreEnableFlashEcc_                
00006428  _coreDisableFlashEcc_               
00006438  _coreEnableIrqVicOffset_            
00006448  _coreGetDataFault_                  
00006450  _coreClearDataFault_                
0000645c  _coreGetInstructionFault_           
00006464  _coreClearInstructionFault_         
00006470  _coreGetDataFaultAddress_           
00006478  _coreClearDataFaultAddress_         
00006484  _coreGetInstructionFaultAddress_    
0000648c  _coreClearInstructionFaultAddress_  
00006498  _coreGetAuxiliaryDataFault_         
000064a0  _coreClearAuxiliaryDataFault_       
000064ac  _coreGetAuxiliaryInstructionFault_  
000064b4  _coreClearAuxiliaryInstructionFault_
000064c0  _disable_interrupt_                 
000064c8  _disable_FIQ_interrupt_             
000064d0  _disable_IRQ_interrupt_             
000064d8  _enable_interrupt_                  
000064e0  _esmCcmErrorsClear_                 
00006568  _errata_CORTEXR4_57_                
00006578  _errata_CORTEXR4_66_                
00006588  __TI_PINIT_Base                     
0000658c  __TI_PINIT_Limit                    
00006590  vimParityErrorHandler               
0000685c  _c_int00                            
00006ae4  esmHighInterrupt                    
00006bf8  _dabort                             
00006ce0  _pmuInit_                           
00006d2c  _pmuEnableCountersGlobal_           
00006d3c  _pmuDisableCountersGlobal_          
00006d4c  _pmuResetCycleCounter_              
00006d5c  _pmuResetEventCounters_             
00006d6c  _pmuResetCounters_                  
00006d7c  _pmuStartCounters_                  
00006d84  _pmuStopCounters_                   
00006d8c  _pmuSetCountEvent_                  
00006d98  _pmuGetCycleCount_                  
00006da0  _pmuGetEventCount_                  
00006dac  _pmuGetOverflow_                    
00006dc1  __aeabi_memcpy                      
00006dc1  __aeabi_memcpy4                     
00006dc1  __aeabi_memcpy8                     
00006dc1  memcpy                              
00006e5c  esmGroup1Notification               
00006e6c  esmGroup2Notification               
00006e7c  memoryPort0TestFailNotification     
00006e98  memoryPort1TestFailNotification     
00006eb4  rtiNotification                     
00006ec4  gioNotification                     
00006ed8  dmaGroupANotification               
00006eec  main                                
00006f78  rtiCompare0Interrupt                
00006ff9  __TI_decompress_lzss                
00007065  __TI_auto_init_nobinit_nopinit      
000070a9  __TI_zero_init_nomemset             
000070c5  __TI_decompress_none                
000070d3  C$$EXIT                             
000070d3  abort                               
000070d8  phantomInterrupt                    
000070dc  handlePLLLockFail                   
000072e0  __TI_Handler_Table_Base             
000072ec  __TI_Handler_Table_Limit            
00007300  __TI_CINIT_Base                     
00007310  __TI_CINIT_Limit                    
08001500  __start___llvm_prf_cnts             
08001500  __stop___llvm_prf_cnts              
08001500  flag                                
ffffffff  __TI_pprof_out_hndl                 
ffffffff  __TI_prof_data_size                 
ffffffff  __TI_prof_data_start                
ffffffff  __binit__                           
ffffffff  __c_args__                          
ffffffff  binit                               
UNDEFED   SHT$$INIT_ARRAY$$Base               
UNDEFED   SHT$$INIT_ARRAY$$Limit              
UNDEFED   _system_post_cinit                  

[210 symbols]
