--------------------------------------------------------------------------------
Release 14.7 Trace  (nt64)
Copyright (c) 1995-2013 Xilinx, Inc.  All rights reserved.

C:\Xilinx\14.7\ISE_DS\ISE\bin\nt64\unwrapped\trce.exe -intstyle ise -v 3 -s 5
-n 3 -fastpaths -xml suma.twx suma.ncd -o suma.twr suma.pcf

Design file:              suma.ncd
Physical constraint file: suma.pcf
Device,package,speed:     xc3s200,vq100,-5 (PRODUCTION 1.39 2013-10-13)
Report level:             verbose report

Environment Variable      Effect 
--------------------      ------ 
NONE                      No environment variables were set
--------------------------------------------------------------------------------

INFO:Timing:2698 - No timing constraints found, doing default enumeration.
INFO:Timing:3412 - To improve timing, see the Timing Closure User Guide (UG612).
INFO:Timing:2752 - To get complete path coverage, use the unconstrained paths 
   option. All paths that are not constrained will be reported in the 
   unconstrained paths section(s) of the report.
INFO:Timing:3339 - The clock-to-out numbers in this timing report are based on 
   a 50 Ohm transmission line loading model.  For the details of this model, 
   and for more information on accounting for different loading conditions, 
   please see the device datasheet.
INFO:Timing:3390 - This architecture does not support a default System Jitter 
   value, please add SYSTEM_JITTER constraint to the UCF to modify the Clock 
   Uncertainty calculation.
INFO:Timing:3389 - This architecture does not support 'Discrete Jitter' and 
   'Phase Error' calculations, these terms will be zero in the Clock 
   Uncertainty calculation.  Please make appropriate modification to 
   SYSTEM_JITTER to account for the unsupported Discrete Jitter and Phase 
   Error.



Data Sheet report:
-----------------
All values displayed in nanoseconds (ns)

Pad to Pad
---------------+---------------+---------+
Source Pad     |Destination Pad|  Delay  |
---------------+---------------+---------+
A<0>           |S<0>           |    8.858|
A<0>           |S<1>           |    9.470|
A<0>           |S<2>           |    9.911|
A<0>           |S<3>           |   10.005|
A<0>           |S<4>           |    9.935|
A<0>           |S<5>           |   10.285|
A<0>           |S<6>           |    9.807|
A<0>           |S<7>           |   10.689|
A<0>           |S<8>           |   10.696|
A<0>           |S<9>           |   10.785|
A<1>           |S<1>           |    9.026|
A<1>           |S<2>           |   10.267|
A<1>           |S<3>           |   10.900|
A<1>           |S<4>           |   11.020|
A<1>           |S<5>           |   11.370|
A<1>           |S<6>           |   10.892|
A<1>           |S<7>           |   11.774|
A<1>           |S<8>           |   11.781|
A<1>           |S<9>           |   11.870|
A<2>           |S<2>           |    8.643|
A<2>           |S<3>           |    9.992|
A<2>           |S<4>           |   10.498|
A<2>           |S<5>           |   10.848|
A<2>           |S<6>           |   10.370|
A<2>           |S<7>           |   11.252|
A<2>           |S<8>           |   11.259|
A<2>           |S<9>           |   11.348|
A<3>           |S<3>           |   10.056|
A<3>           |S<4>           |   10.562|
A<3>           |S<5>           |   11.123|
A<3>           |S<6>           |   10.835|
A<3>           |S<7>           |   11.717|
A<3>           |S<8>           |   11.724|
A<3>           |S<9>           |   11.813|
A<4>           |S<4>           |    8.904|
A<4>           |S<5>           |   10.572|
A<4>           |S<6>           |   10.670|
A<4>           |S<7>           |   11.552|
A<4>           |S<8>           |   11.559|
A<4>           |S<9>           |   11.648|
A<5>           |S<5>           |    9.750|
A<5>           |S<6>           |    9.848|
A<5>           |S<7>           |   10.797|
A<5>           |S<8>           |   10.994|
A<5>           |S<9>           |   11.083|
A<6>           |S<6>           |    7.920|
A<6>           |S<7>           |   10.215|
A<6>           |S<8>           |   10.798|
A<6>           |S<9>           |   10.887|
A<7>           |S<7>           |    9.946|
A<7>           |S<8>           |   10.529|
A<7>           |S<9>           |   10.618|
B<0>           |S<0>           |    8.642|
B<0>           |S<1>           |    9.254|
B<0>           |S<2>           |    9.695|
B<0>           |S<3>           |    9.789|
B<0>           |S<4>           |    9.719|
B<0>           |S<5>           |   10.069|
B<0>           |S<6>           |    9.591|
B<0>           |S<7>           |   10.473|
B<0>           |S<8>           |   10.480|
B<0>           |S<9>           |   10.569|
B<1>           |S<1>           |   10.508|
B<1>           |S<2>           |   11.335|
B<1>           |S<3>           |   11.429|
B<1>           |S<4>           |   11.484|
B<1>           |S<5>           |   11.834|
B<1>           |S<6>           |   11.356|
B<1>           |S<7>           |   12.238|
B<1>           |S<8>           |   12.245|
B<1>           |S<9>           |   12.334|
B<2>           |S<2>           |    8.429|
B<2>           |S<3>           |    9.639|
B<2>           |S<4>           |   10.145|
B<2>           |S<5>           |   10.495|
B<2>           |S<6>           |   10.017|
B<2>           |S<7>           |   10.899|
B<2>           |S<8>           |   10.906|
B<2>           |S<9>           |   10.995|
B<3>           |S<3>           |   10.242|
B<3>           |S<4>           |   10.748|
B<3>           |S<5>           |   11.098|
B<3>           |S<6>           |   10.747|
B<3>           |S<7>           |   11.629|
B<3>           |S<8>           |   11.636|
B<3>           |S<9>           |   11.725|
B<4>           |S<4>           |    9.644|
B<4>           |S<5>           |   10.946|
B<4>           |S<6>           |   11.044|
B<4>           |S<7>           |   11.926|
B<4>           |S<8>           |   11.933|
B<4>           |S<9>           |   12.022|
B<5>           |S<5>           |    9.254|
B<5>           |S<6>           |    9.352|
B<5>           |S<7>           |   10.364|
B<5>           |S<8>           |   10.561|
B<5>           |S<9>           |   10.650|
B<6>           |S<6>           |    9.300|
B<6>           |S<7>           |   11.294|
B<6>           |S<8>           |   11.877|
B<6>           |S<9>           |   11.966|
B<7>           |S<7>           |    9.902|
B<7>           |S<8>           |   10.485|
B<7>           |S<9>           |   10.574|
C<0>           |S<0>           |   11.629|
C<0>           |S<1>           |   11.972|
C<0>           |S<2>           |   13.381|
C<0>           |S<3>           |   14.014|
C<0>           |S<4>           |   14.134|
C<0>           |S<5>           |   14.484|
C<0>           |S<6>           |   14.309|
C<0>           |S<7>           |   15.191|
C<0>           |S<8>           |   15.198|
C<0>           |S<9>           |   15.287|
C<1>           |S<1>           |   11.661|
C<1>           |S<2>           |   13.070|
C<1>           |S<3>           |   13.703|
C<1>           |S<4>           |   14.033|
C<1>           |S<5>           |   14.383|
C<1>           |S<6>           |   14.384|
C<1>           |S<7>           |   15.266|
C<1>           |S<8>           |   15.273|
C<1>           |S<9>           |   15.362|
C<2>           |S<2>           |   11.162|
C<2>           |S<3>           |   12.498|
C<2>           |S<4>           |   13.004|
C<2>           |S<5>           |   13.993|
C<2>           |S<6>           |   14.091|
C<2>           |S<7>           |   14.973|
C<2>           |S<8>           |   14.980|
C<2>           |S<9>           |   15.069|
C<3>           |S<3>           |   11.266|
C<3>           |S<4>           |   11.874|
C<3>           |S<5>           |   13.479|
C<3>           |S<6>           |   13.577|
C<3>           |S<7>           |   14.459|
C<3>           |S<8>           |   14.466|
C<3>           |S<9>           |   14.555|
C<4>           |S<4>           |   11.687|
C<4>           |S<5>           |   13.292|
C<4>           |S<6>           |   13.390|
C<4>           |S<7>           |   14.322|
C<4>           |S<8>           |   14.519|
C<4>           |S<9>           |   14.608|
C<5>           |S<5>           |   11.872|
C<5>           |S<6>           |   12.648|
C<5>           |S<7>           |   14.069|
C<5>           |S<8>           |   14.528|
C<5>           |S<9>           |   14.617|
C<6>           |S<6>           |   10.874|
C<6>           |S<7>           |   12.621|
C<6>           |S<8>           |   13.204|
C<6>           |S<9>           |   13.293|
C<7>           |S<7>           |   11.829|
C<7>           |S<8>           |   12.412|
C<7>           |S<9>           |   12.594|
D<0>           |S<0>           |   11.512|
D<0>           |S<1>           |   11.855|
D<0>           |S<2>           |   13.264|
D<0>           |S<3>           |   13.897|
D<0>           |S<4>           |   14.017|
D<0>           |S<5>           |   14.367|
D<0>           |S<6>           |   14.192|
D<0>           |S<7>           |   15.074|
D<0>           |S<8>           |   15.081|
D<0>           |S<9>           |   15.170|
D<1>           |S<1>           |   11.541|
D<1>           |S<2>           |   12.950|
D<1>           |S<3>           |   13.583|
D<1>           |S<4>           |   13.913|
D<1>           |S<5>           |   14.263|
D<1>           |S<6>           |   14.264|
D<1>           |S<7>           |   15.146|
D<1>           |S<8>           |   15.153|
D<1>           |S<9>           |   15.242|
D<2>           |S<2>           |   10.631|
D<2>           |S<3>           |   11.967|
D<2>           |S<4>           |   12.473|
D<2>           |S<5>           |   13.462|
D<2>           |S<6>           |   13.560|
D<2>           |S<7>           |   14.442|
D<2>           |S<8>           |   14.449|
D<2>           |S<9>           |   14.538|
D<3>           |S<3>           |   11.052|
D<3>           |S<4>           |   11.660|
D<3>           |S<5>           |   13.265|
D<3>           |S<6>           |   13.363|
D<3>           |S<7>           |   14.245|
D<3>           |S<8>           |   14.252|
D<3>           |S<9>           |   14.341|
D<4>           |S<4>           |   12.038|
D<4>           |S<5>           |   13.643|
D<4>           |S<6>           |   13.741|
D<4>           |S<7>           |   14.673|
D<4>           |S<8>           |   14.870|
D<4>           |S<9>           |   14.959|
D<5>           |S<5>           |   11.947|
D<5>           |S<6>           |   12.723|
D<5>           |S<7>           |   14.144|
D<5>           |S<8>           |   14.603|
D<5>           |S<9>           |   14.692|
D<6>           |S<6>           |   11.542|
D<6>           |S<7>           |   13.289|
D<6>           |S<8>           |   13.872|
D<6>           |S<9>           |   13.961|
D<7>           |S<7>           |   12.695|
D<7>           |S<8>           |   13.278|
D<7>           |S<9>           |   13.460|
---------------+---------------+---------+


Analysis completed Mon Mar 15 09:33:54 2021 
--------------------------------------------------------------------------------

Trace Settings:
-------------------------
Trace Settings 

Peak Memory Usage: 4488 MB



