../Core/Src/main.c:57:1:__io_putchar	16	static
../Core/Src/main.c:63:5:main	16	static
../Core/Src/main.c:129:6:tarea_rojo	8	static,ignoring_inline_asm
../Core/Src/main.c:150:6:tarea_verde	8	static,ignoring_inline_asm
../Core/Src/main.c:172:6:findelprograma	16	static,ignoring_inline_asm
../Core/Src/main.c:188:6:SystemClock_Config	72	static
../Core/Src/main.c:227:13:MX_USART2_UART_Init	8	static
../Core/Src/main.c:260:13:MX_GPIO_Init	40	static
../Core/Src/main.c:298:6:StartDefaultTask	16	static
../Core/Src/main.c:317:6:HAL_TIM_PeriodElapsedCallback	16	static
../Core/Src/main.c:334:6:Error_Handler	4	static
